// Vitest Snapshot v1, https://vitest.dev/guide/snapshot.html

exports[`getRelatedArticles snapshot > produces deterministic results for tagged posts 1`] = `
[
  {
    "label": undefined,
    "score": 10.866,
    "signals": {
      "foundationalBonus": 1,
      "glossaryOverlap": 2,
      "recency": 0,
      "sameSection": 1,
      "tagMatch": 3.6438561897747244,
      "titleKeyword": 1,
    },
    "slug": "tagged-1",
  },
  {
    "label": undefined,
    "score": 6.083,
    "signals": {
      "foundationalBonus": 1,
      "glossaryOverlap": 1,
      "recency": 0,
      "sameSection": 1,
      "tagMatch": 2.321928094887362,
      "titleKeyword": 0,
    },
    "slug": "tagged-2",
  },
  {
    "label": undefined,
    "score": 5.783,
    "signals": {
      "foundationalBonus": 1,
      "glossaryOverlap": 1,
      "recency": 0,
      "sameSection": 1,
      "tagMatch": 1.3219280948873624,
      "titleKeyword": 1,
    },
    "slug": "tagged-3",
  },
  {
    "label": undefined,
    "score": 1.2,
    "signals": {
      "foundationalBonus": 0,
      "glossaryOverlap": 0,
      "recency": 0,
      "sameSection": 0,
      "tagMatch": 0,
      "titleKeyword": 1,
    },
    "slug": "untagged-2",
  },
  {
    "label": undefined,
    "score": 0.6,
    "signals": {
      "foundationalBonus": 0,
      "glossaryOverlap": 0,
      "recency": 0,
      "sameSection": 1,
      "tagMatch": 0,
      "titleKeyword": 0,
    },
    "slug": "untagged-1",
  },
]
`;

exports[`getRelatedArticles snapshot > produces deterministic results for untagged posts 1`] = `
[
  {
    "label": undefined,
    "score": 1.8,
    "signals": {
      "glossaryOverlap": 0,
      "sameSection": 1,
      "tagMatch": 0,
      "titleKeyword": 1,
    },
    "slug": "post-1",
  },
  {
    "label": undefined,
    "score": 1.8,
    "signals": {
      "glossaryOverlap": 0,
      "sameSection": 1,
      "tagMatch": 0,
      "titleKeyword": 1,
    },
    "slug": "post-2",
  },
]
`;
